// Jest Snapshot v1, https://goo.gl/fbAQLP

exports[`renders correctly 1`] = `
Array [
  <h1>
    You are logged out
  </h1>,
  <div
    className="container"
  >
    Thank You for Using Our Application.
  </div>,
]
`;
