// Jest Snapshot v1, https://goo.gl/fbAQLP

exports[`Render App Widget Correctly 1`] = `
Object {
  "asFragment": [Function],
  "baseElement": <body>
    <div>
      <div
        class="container"
      >
        <header>
          <nav
            class="navbar navbar-expand-md navbar-dark bg-dark"
          >
            <div>
              <a
                class="navbar-brand"
                href=""
              >
                Main Menu
              </a>
            </div>
            <ul
              class="navbar-nav"
            >
              <li>
                <a
                  class="nav-link"
                  href="/courses"
                >
                  Courses
                </a>
              </li>
            </ul>
            <ul
              class="navbar-nav navbar-collapse justify-content-end"
            >
              <li>
                <a
                  class="nav-link"
                  href="/login"
                >
                  Login
                </a>
              </li>
            </ul>
          </nav>
        </header>
        <div>
          <h1
            data-testid="loginHeader"
          >
            Login
          </h1>
          <div
            class="container"
          >
            User Name: 
            <input
              data-testid="username"
              name="username"
              type="text"
              value="bytecaptain"
            />
            Password: 
            <input
              data-testid="password"
              name="password"
              type="password"
              value=""
            />
            <button
              class="btn btn-success"
              data-testid="login"
            >
              Login
            </button>
          </div>
        </div>
      </div>
    </div>
  </body>,
  "container": <div>
    <div
      class="container"
    >
      <header>
        <nav
          class="navbar navbar-expand-md navbar-dark bg-dark"
        >
          <div>
            <a
              class="navbar-brand"
              href=""
            >
              Main Menu
            </a>
          </div>
          <ul
            class="navbar-nav"
          >
            <li>
              <a
                class="nav-link"
                href="/courses"
              >
                Courses
              </a>
            </li>
          </ul>
          <ul
            class="navbar-nav navbar-collapse justify-content-end"
          >
            <li>
              <a
                class="nav-link"
                href="/login"
              >
                Login
              </a>
            </li>
          </ul>
        </nav>
      </header>
      <div>
        <h1
          data-testid="loginHeader"
        >
          Login
        </h1>
        <div
          class="container"
        >
          User Name: 
          <input
            data-testid="username"
            name="username"
            type="text"
            value="bytecaptain"
          />
          Password: 
          <input
            data-testid="password"
            name="password"
            type="password"
            value=""
          />
          <button
            class="btn btn-success"
            data-testid="login"
          >
            Login
          </button>
        </div>
      </div>
    </div>
  </div>,
  "debug": [Function],
  "findAllByAltText": [Function],
  "findAllByDisplayValue": [Function],
  "findAllByLabelText": [Function],
  "findAllByPlaceholderText": [Function],
  "findAllByRole": [Function],
  "findAllByTestId": [Function],
  "findAllByText": [Function],
  "findAllByTitle": [Function],
  "findByAltText": [Function],
  "findByDisplayValue": [Function],
  "findByLabelText": [Function],
  "findByPlaceholderText": [Function],
  "findByRole": [Function],
  "findByTestId": [Function],
  "findByText": [Function],
  "findByTitle": [Function],
  "getAllByAltText": [Function],
  "getAllByDisplayValue": [Function],
  "getAllByLabelText": [Function],
  "getAllByPlaceholderText": [Function],
  "getAllByRole": [Function],
  "getAllByTestId": [Function],
  "getAllByText": [Function],
  "getAllByTitle": [Function],
  "getByAltText": [Function],
  "getByDisplayValue": [Function],
  "getByLabelText": [Function],
  "getByPlaceholderText": [Function],
  "getByRole": [Function],
  "getByTestId": [Function],
  "getByText": [Function],
  "getByTitle": [Function],
  "queryAllByAltText": [Function],
  "queryAllByDisplayValue": [Function],
  "queryAllByLabelText": [Function],
  "queryAllByPlaceholderText": [Function],
  "queryAllByRole": [Function],
  "queryAllByTestId": [Function],
  "queryAllByText": [Function],
  "queryAllByTitle": [Function],
  "queryByAltText": [Function],
  "queryByDisplayValue": [Function],
  "queryByLabelText": [Function],
  "queryByPlaceholderText": [Function],
  "queryByRole": [Function],
  "queryByTestId": [Function],
  "queryByText": [Function],
  "queryByTitle": [Function],
  "rerender": [Function],
  "unmount": [Function],
}
`;
